// Jest Snapshot v1, https://goo.gl/fbAQLP

exports[`Input renders and changes 1`] = `
<DocumentFragment>
  <div
    class="form-group"
  >
    <label
      for="test-label"
    >
      test-text
    </label>
    <input
      class="form-control"
      id="test-id"
      required=""
      type="text"
      value="test-value"
    />
  </div>
</DocumentFragment>
`;
